// Jest Snapshot v1, https://goo.gl/fbAQLP

exports[`findBookmarkDocument complains if you have multiple bookmark docs 1`] = `"More than one bookmark file! <http://example.com/bookmarks2.ttl>,<http://example.com/bookmarks3.ttl>"`;

exports[`findBookmarkDocument complains if you have multiple bookmark docs 2`] = `"More than one bookmark file! <http://example.com/bookmarks2.ttl>,<http://example.com/bookmarks3.ttl>"`;
