// Jest Snapshot v1, https://jestjs.io/docs/snapshot-testing

exports[`tabWidget minimal setup of options renders content for first tab 1`] = `
<main
  style="margin: 0; width:100%; height: 100%;"
>
  <div
    style="height: 100%; width: 100%;"
  >
    <main
      style="flex: 2; width: auto; height: 100%; border: 0.1em; border-style: solid; border-color: #e7e7db; padding: 1em;"
    />
  </div>
  <div
    style="height: 100%; width: 100%;display: none;"
  />
</main>
`;
